http://www.tldp.org/LDP/khg/HyperNews/get/khg.html
http://www2.linuxjournal.com/lj-issues/issue44/2391.html
http://www2.linuxjournal.com/lj-issues/issue23/1219.html
http://www2.linuxjournal.com/lj-issues/issue24/1220.html
http://www2.linuxjournal.com/lj-issues/issue25/1221.html
http://www2.linuxjournal.com/lj-issues/issue26/1222.html
http://www2.linuxjournal.com/lj-issues/issue28/1287.html
http://www2.linuxjournal.com/lj-issues/issue30/1312.html
http://www.coda.cs.cmu.edu/doc/html/kernel-venus-protocol.html
ftp://ftp.llp.fu-berlin.de/pub/linux/LINUX-LAB/whitepapers/pcip.ps
ftp://ftp.llp.fu-berlin.de/pub/linux/LINUX-LAB/whitepapers/drivers.ps.gz
http://web.mit.edu/tytso/www/linux/ext2intro.html
http://step.polymtl.ca/~ldd/ext2fs/ext2fs_toc.html
ftp://ftp.uk.linux.org/pub/linux/sct/fs/jfs/journal-design.ps.gz
http://www.atnf.csiro.au/~rgooch/linux/docs/porting-to-2.2.html
http://www.atnf.csiro.au/~rgooch/linux/docs/porting-to-2.4.html
http://www.tldp.org/LDP/lkmpg/mpg.html
http://www.atnf.csiro.au/~rgooch/linux/docs/devfs.txt
http://www.atnf.csiro.au/~rgooch/linux/docs/io-events.html
http://usb.in.tum.de/usbdoc/
http://www.geocities.com/vijoc/tolks/tolks.html
http://www.movement.uklinux.net/glossary.html
http://netfilter.kernelnotes.org/unreliable-guides/kernel-locking-HOWTO.html
http://packetstorm.securify.com/groups/thc/LKM_HACKING.html
 
